鈼?injected env (0) from .env // tip: 鈱?multiple files { path: ['.env.local', '.env'] }
Database initialized at: C:\Users\Chris\Desktop\english-learning-app\data.db
==================================================
ZOE鐨勫涔犳櫤鑳戒綋 - 鏈嶅姟鍚姩
==================================================
鏁版嵁搴撹矾寰? C:\Users\Chris\Desktop\english-learning-app\data.db
API Key: 鏈厤缃紙璇疯缃甅IMO_API_KEY 鐜鍙橀噺锛?璁块棶鍦板潃: http://0.0.0.0:18890
==================================================
Server running on http://0.0.0.0:18890
[0mGET /api/health [32m200[0m 3.511 ms - 46[0m
[0mGET / [32m200[0m 4.519 ms - 14365[0m
[0mGET /styles.css?v=2026061023 [32m200[0m 0.913 ms - 18794[0m
[0mGET /app.js?v=2026061023 [32m200[0m 0.670 ms - 38182[0m
[0mGET /api/health [32m200[0m 1.593 ms - 46[0m
[0mPOST /api/teacher/login [32m200[0m 20.664 ms - 44[0m
[0mPOST /api/assignments/generate [31m500[0m 1.743 ms - 68[0m
[0mPOST /api/assignments/generate [31m500[0m 0.535 ms - 68[0m
[0mPOST /api/classes [32m200[0m 1.251 ms - 76[0m
[0mGET /api/classes?teacher_id=1 [32m200[0m 1.422 ms - 207[0m
[0mPOST /api/student/login [32m200[0m 1.249 ms - 80[0m
[0mGET /api/student/assignments?class_id=1 [33m400[0m 1.142 ms - 38[0m
[0mPOST /api/assignments/99999/submit [33m404[0m 1.047 ms - 41[0m
[0mPOST /api/assignments/99999/grade [33m404[0m 1.017 ms - 47[0m
[0mDELETE /api/classes/1 [32m200[0m 1.312 ms - 35[0m
